
> binso-one@0.11.0 test /workspace/scratch/361663cf4cbf/binso_admin_azure
> node scripts/architecture-selfcheck.mjs && node scripts/permission-selfcheck.mjs && node scripts/theme-selfcheck.mjs && node scripts/client-session-test.mjs && node scripts/migration-test.mjs && node scripts/data-lifecycle-schema-test.mjs && node scripts/ux-regression-test.mjs && node scripts/pwa-preview-test.mjs && node scripts/document-presentation-test.mjs && node scripts/qa-plan-test.mjs && node scripts/browser-shards-test.mjs && node scripts/navigation-contract-test.mjs

Architecture entry points and package scripts passed.
Finance and operator permission matrix passed.
Search respects member record ownership.
Expense approval/rejection rejects unauthorized roles before either mutation writes.
Related-record links respect the AppShell context and retain a text fallback.
Theme ownership, reload resolver and stale profile response checks passed.
Demo start deduplication, offline failure, session-cache isolation and confirmed logout with retry passed.
Expired database demo is unauthenticated; static cookie preview remains read-only.
50 independently provisioned trial tenants: read/write/delete isolation passed (non-superuser RLS).
Stripe signature, persisted checkout retries, duplicate/stale events, rollback, billing ledger, entitlements and tenant mapping passed (HTTP fixtures).
Timer customer-only start/reload/pause/finish, context lock and internal work passed.
Contact structured names, primary replacement, edit/archive, tenant isolation and manual time rates passed.
PDF/QR generation, send idempotency/failure/demo guards, cancellation release and new/existing/revoked invitation acceptance passed with synthetic fixtures only.
Team schema, entitlement limits, document status/locks/conversion, expense approval/reimbursement/billing and tenant isolation passed.
Full customer/offer/project/time/invoice/partial-payment process, direct customer work, internal time, optional approval, exact completion date, overpayment and double-billing protection passed.
PostgreSQL migrations, deterministic fixtures and tenant/platform RLS passed.
Organization data lifecycle schema and deletion safeguards passed.
Recent document/payment ordering preserves tenant scope and rejects SQL sort injection.
Search results use visible labels, canonical record IDs and existing detail routes.
Desktop workspace spacing, form sections and icon actions use canonical shared layout rules.
Medium desktop uses the full content width and keeps create actions on one line.
Support list uses the canonical full-width list and compact summary layout.
Subscription settings use flat separators instead of legacy cards.
Medium desktop keeps search, notifications and account/logout access in the header.
Small SVG icons use crisp pixel-stable rendering.
Viewport resizing, support focus and finance layouts remain responsive across narrow, medium and wide widths.
Desktop global search stays inline with anchored results and no modal trigger.
Desktop header icons render on a non-rasterized, pixel-stable appbar.
PWA, portal and demo headers stay fully opaque without logo-dimming effects.
Apple and PWA installation icons use the Binso One artwork with One wordmark.
Invoice and offer details are operational workspaces; customer-document rendering exists only in preview.
Shared page and section headings cannot create consecutive divider lines.
Detail headings and tab dividers use one consistent vertical rhythm.
Final rows cannot create duplicate section closing dividers.
Customer details use company facts, active content and toolbox panes.
Core web entity details use information, work area and toolbox panes.
Finance supports free from/to periods alongside quick presets.
Desktop customer and time-tracking processes preserve canonical entity identity.
Finance month comparison includes the final month and excludes values outside partial date ranges.
Time query, today-only period, project/customer context and approval filters passed.
Desktop, tablet, mobile and PWA share business routes; viewport logic is presentation-only.
Shared customer-finance type filters match singular rows and plural tabs; payment filters retain partial support.
Project-linked idle timer context survives synchronization without changing active or already recorded time.
Actual record rendering: status column filtering, reset visibility, Swiss numeric/date sorting and mobile column selection passed.
Real form handlers prevent double saves, permit failure retries, preserve return context and render error toasts; revenue uses completed-month comparisons.
Unknown server failures stay errors across 13 form, document, time and billing feedback paths.
Actual document and expense handlers prevent same-frame double writes, retain successful navigation locks and allow retries after failures.
Quantity/price units, fractional values, numeric sorting and distinct time metadata passed.
Central action row preserves write/route permissions and explicit navigation/destructive intent.
Generated Swiss QR payment slip scales as a complete 210 × 105 mm viewport without altering its content.
Production PDF: A4 pages, company texts, items, dates, totals, remaining-balance QR, paid/cancelled/draft suppression and multipage QR passed.
Operational document details: real paid date, no fabricated legacy date, derived open/overdue/partial/paid states, cancellation and mobile quantity/unit/unit-price/amount passed.
Optional outstanding lists retain scoped filters; the full invoice list retains all main filters.
QR debtor structured address, exact remaining amount, valid SCOR/invalid references and shared employee validation passed.
QA scope covers changed modules, shared dependencies, unknown files and forced releases without unsafe skips.
Browser sharding preserves full route/interaction coverage, isolated servers and blocking failure status.
Approved bottom-navigation markup and all responsive selector declarations are unchanged.
